Command line invocation:
    /Applications/Xcode.app/Contents/Developer/usr/bin/xcodebuild -project /Users/chriszhang/Desktop/Project/Ambrosia/Ambrosia.xcodeproj -scheme Ambrosia -destination "platform=iOS Simulator,name=iPhone 16 Pro" build

--- xcodebuild: WARNING: Using the first of multiple matching destinations:
{ platform:iOS Simulator, arch:arm64, id:CD5928E3-1F93-4636-AE06-1CFBB09B8073, OS:18.6, name:iPhone 16 Pro }
{ platform:iOS Simulator, arch:x86_64, id:CD5928E3-1F93-4636-AE06-1CFBB09B8073, OS:18.6, name:iPhone 16 Pro }
ComputePackagePrebuildTargetDependencyGraph

Prepare packages

CreateBuildRequest

SendProjectDescription

CreateBuildOperation

ComputeTargetDependencyGraph
note: Building targets in dependency order
note: Target dependency graph (1 target)
    Target 'Ambrosia' in project 'Ambrosia' (no dependencies)

GatherProvisioningInputs

CreateBuildDescription

ExecuteExternalTool /Applications/Xcode.app/Contents/Developer/Toolchains/XcodeDefault.xctoolchain/usr/bin/clang -v -E -dM -isysroot /Applications/Xcode.app/Contents/Developer/Platforms/iPhoneSimulator.platform/Developer/SDKs/iPhoneSimulator18.5.sdk -x c -c /dev/null

ExecuteExternalTool /Applications/Xcode.app/Contents/Developer/usr/bin/actool --print-asset-tag-combinations --output-format xml1 /Users/chriszhang/Desktop/Project/Ambrosia/Ambrosia/Assets.xcassets

ExecuteExternalTool /Applications/Xcode.app/Contents/Developer/usr/bin/actool --version --output-format xml1

ExecuteExternalTool /Applications/Xcode.app/Contents/Developer/Toolchains/XcodeDefault.xctoolchain/usr/bin/swiftc --version

ExecuteExternalTool /Applications/Xcode.app/Contents/Developer/Toolchains/XcodeDefault.xctoolchain/usr/bin/ld -version_details

Build description signature: b26bde4179aec47f4f4422832028019c
Build description path: /Users/chriszhang/Library/Developer/Xcode/DerivedData/Ambrosia-bxirztkirhvfmygocddpvuevzsop/Build/Intermediates.noindex/XCBuildData/b26bde4179aec47f4f4422832028019c.xcbuilddata
ClangStatCache /Applications/Xcode.app/Contents/Developer/Toolchains/XcodeDefault.xctoolchain/usr/bin/clang-stat-cache /Applications/Xcode.app/Contents/Developer/Platforms/iPhoneSimulator.platform/Developer/SDKs/iPhoneSimulator18.5.sdk /Users/chriszhang/Library/Developer/Xcode/DerivedData/SDKStatCaches.noindex/iphonesimulator18.5-22F76-d5fc8ad4295d2ef488fb7d0f804ce0c4.sdkstatcache
    cd /Users/chriszhang/Desktop/Project/Ambrosia/Ambrosia.xcodeproj
    /Applications/Xcode.app/Contents/Developer/Toolchains/XcodeDefault.xctoolchain/usr/bin/clang-stat-cache /Applications/Xcode.app/Contents/Developer/Platforms/iPhoneSimulator.platform/Developer/SDKs/iPhoneSimulator18.5.sdk -o /Users/chriszhang/Library/Developer/Xcode/DerivedData/SDKStatCaches.noindex/iphonesimulator18.5-22F76-d5fc8ad4295d2ef488fb7d0f804ce0c4.sdkstatcache

WriteAuxiliaryFile /Users/chriszhang/Library/Developer/Xcode/DerivedData/Ambrosia-bxirztkirhvfmygocddpvuevzsop/Build/Intermediates.noindex/Ambrosia.build/Debug-iphonesimulator/Ambrosia.build/Objects-normal/arm64/Ambrosia.SwiftConstValuesFileList (in target 'Ambrosia' from project 'Ambrosia')
    cd /Users/chriszhang/Desktop/Project/Ambrosia
    write-file /Users/chriszhang/Library/Developer/Xcode/DerivedData/Ambrosia-bxirztkirhvfmygocddpvuevzsop/Build/Intermediates.noindex/Ambrosia.build/Debug-iphonesimulator/Ambrosia.build/Objects-normal/arm64/Ambrosia.SwiftConstValuesFileList

WriteAuxiliaryFile /Users/chriszhang/Library/Developer/Xcode/DerivedData/Ambrosia-bxirztkirhvfmygocddpvuevzsop/Build/Intermediates.noindex/Ambrosia.build/Debug-iphonesimulator/Ambrosia.build/Objects-normal/arm64/Ambrosia.SwiftFileList (in target 'Ambrosia' from project 'Ambrosia')
    cd /Users/chriszhang/Desktop/Project/Ambrosia
    write-file /Users/chriszhang/Library/Developer/Xcode/DerivedData/Ambrosia-bxirztkirhvfmygocddpvuevzsop/Build/Intermediates.noindex/Ambrosia.build/Debug-iphonesimulator/Ambrosia.build/Objects-normal/arm64/Ambrosia.SwiftFileList

WriteAuxiliaryFile /Users/chriszhang/Library/Developer/Xcode/DerivedData/Ambrosia-bxirztkirhvfmygocddpvuevzsop/Build/Intermediates.noindex/Ambrosia.build/Debug-iphonesimulator/Ambrosia.build/Objects-normal/arm64/Ambrosia.LinkFileList (in target 'Ambrosia' from project 'Ambrosia')
    cd /Users/chriszhang/Desktop/Project/Ambrosia
    write-file /Users/chriszhang/Library/Developer/Xcode/DerivedData/Ambrosia-bxirztkirhvfmygocddpvuevzsop/Build/Intermediates.noindex/Ambrosia.build/Debug-iphonesimulator/Ambrosia.build/Objects-normal/arm64/Ambrosia.LinkFileList

ProcessProductPackaging "" /Users/chriszhang/Library/Developer/Xcode/DerivedData/Ambrosia-bxirztkirhvfmygocddpvuevzsop/Build/Intermediates.noindex/Ambrosia.build/Debug-iphonesimulator/Ambrosia.build/Ambrosia.app-Simulated.xcent (in target 'Ambrosia' from project 'Ambrosia')
    cd /Users/chriszhang/Desktop/Project/Ambrosia
    
    Entitlements:
    
    {
    "application-identifier" = "TDLZ3DFQ66.com.chriszhang.Ambrosia";
}
    
    builtin-productPackagingUtility -entitlements -format xml -o /Users/chriszhang/Library/Developer/Xcode/DerivedData/Ambrosia-bxirztkirhvfmygocddpvuevzsop/Build/Intermediates.noindex/Ambrosia.build/Debug-iphonesimulator/Ambrosia.build/Ambrosia.app-Simulated.xcent

ProcessProductPackagingDER /Users/chriszhang/Library/Developer/Xcode/DerivedData/Ambrosia-bxirztkirhvfmygocddpvuevzsop/Build/Intermediates.noindex/Ambrosia.build/Debug-iphonesimulator/Ambrosia.build/Ambrosia.app-Simulated.xcent /Users/chriszhang/Library/Developer/Xcode/DerivedData/Ambrosia-bxirztkirhvfmygocddpvuevzsop/Build/Intermediates.noindex/Ambrosia.build/Debug-iphonesimulator/Ambrosia.build/Ambrosia.app-Simulated.xcent.der (in target 'Ambrosia' from project 'Ambrosia')
    cd /Users/chriszhang/Desktop/Project/Ambrosia
    /usr/bin/derq query -f xml -i /Users/chriszhang/Library/Developer/Xcode/DerivedData/Ambrosia-bxirztkirhvfmygocddpvuevzsop/Build/Intermediates.noindex/Ambrosia.build/Debug-iphonesimulator/Ambrosia.build/Ambrosia.app-Simulated.xcent -o /Users/chriszhang/Library/Developer/Xcode/DerivedData/Ambrosia-bxirztkirhvfmygocddpvuevzsop/Build/Intermediates.noindex/Ambrosia.build/Debug-iphonesimulator/Ambrosia.build/Ambrosia.app-Simulated.xcent.der --raw

CopyPNGFile /Users/chriszhang/Library/Developer/Xcode/DerivedData/Ambrosia-bxirztkirhvfmygocddpvuevzsop/Build/Products/Debug-iphonesimulator/Ambrosia.app/AppIconCropped.png /Users/chriszhang/Desktop/Project/Ambrosia/Ambrosia/Resources/Design/AppIconCropped.png (in target 'Ambrosia' from project 'Ambrosia')
    cd /Users/chriszhang/Desktop/Project/Ambrosia
    /Applications/Xcode.app/Contents/Developer/usr/bin/copypng -compress -strip-PNG-text /Users/chriszhang/Desktop/Project/Ambrosia/Ambrosia/Resources/Design/AppIconCropped.png /Users/chriszhang/Library/Developer/Xcode/DerivedData/Ambrosia-bxirztkirhvfmygocddpvuevzsop/Build/Products/Debug-iphonesimulator/Ambrosia.app/AppIconCropped.png

CopyPNGFile /Users/chriszhang/Library/Developer/Xcode/DerivedData/Ambrosia-bxirztkirhvfmygocddpvuevzsop/Build/Products/Debug-iphonesimulator/Ambrosia.app/AppIconSource.png /Users/chriszhang/Desktop/Project/Ambrosia/Ambrosia/Resources/Design/AppIconSource.png (in target 'Ambrosia' from project 'Ambrosia')
    cd /Users/chriszhang/Desktop/Project/Ambrosia
    /Applications/Xcode.app/Contents/Developer/usr/bin/copypng -compress -strip-PNG-text /Users/chriszhang/Desktop/Project/Ambrosia/Ambrosia/Resources/Design/AppIconSource.png /Users/chriszhang/Library/Developer/Xcode/DerivedData/Ambrosia-bxirztkirhvfmygocddpvuevzsop/Build/Products/Debug-iphonesimulator/Ambrosia.app/AppIconSource.png

CompileAssetCatalogVariant thinned /Users/chriszhang/Library/Developer/Xcode/DerivedData/Ambrosia-bxirztkirhvfmygocddpvuevzsop/Build/Products/Debug-iphonesimulator/Ambrosia.app /Users/chriszhang/Desktop/Project/Ambrosia/Ambrosia/Assets.xcassets (in target 'Ambrosia' from project 'Ambrosia')
    cd /Users/chriszhang/Desktop/Project/Ambrosia
    /Applications/Xcode.app/Contents/Developer/usr/bin/actool /Users/chriszhang/Desktop/Project/Ambrosia/Ambrosia/Assets.xcassets --compile /Users/chriszhang/Library/Developer/Xcode/DerivedData/Ambrosia-bxirztkirhvfmygocddpvuevzsop/Build/Intermediates.noindex/Ambrosia.build/Debug-iphonesimulator/Ambrosia.build/assetcatalog_output/thinned --output-format human-readable-text --notices --warnings --export-dependency-info /Users/chriszhang/Library/Developer/Xcode/DerivedData/Ambrosia-bxirztkirhvfmygocddpvuevzsop/Build/Intermediates.noindex/Ambrosia.build/Debug-iphonesimulator/Ambrosia.build/assetcatalog_dependencies_thinned --output-partial-info-plist /Users/chriszhang/Library/Developer/Xcode/DerivedData/Ambrosia-bxirztkirhvfmygocddpvuevzsop/Build/Intermediates.noindex/Ambrosia.build/Debug-iphonesimulator/Ambrosia.build/assetcatalog_generated_info.plist_thinned --app-icon AppIcon --accent-color AccentColor --compress-pngs --enable-on-demand-resources YES --filter-for-thinning-device-configuration iPhone17,1 --filter-for-device-os-version 18.6 --development-region en --target-device iphone --target-device ipad --minimum-deployment-target 18.5 --platform iphonesimulator

SwiftDriver Ambrosia normal arm64 com.apple.xcode.tools.swift.compiler (in target 'Ambrosia' from project 'Ambrosia')
    cd /Users/chriszhang/Desktop/Project/Ambrosia
    builtin-SwiftDriver -- /Applications/Xcode.app/Contents/Developer/Toolchains/XcodeDefault.xctoolchain/usr/bin/swiftc -module-name Ambrosia -Onone -enforce-exclusivity\=checked @/Users/chriszhang/Library/Developer/Xcode/DerivedData/Ambrosia-bxirztkirhvfmygocddpvuevzsop/Build/Intermediates.noindex/Ambrosia.build/Debug-iphonesimulator/Ambrosia.build/Objects-normal/arm64/Ambrosia.SwiftFileList -DDEBUG -enable-bare-slash-regex -enable-experimental-feature DebugDescriptionMacro -sdk /Applications/Xcode.app/Contents/Developer/Platforms/iPhoneSimulator.platform/Developer/SDKs/iPhoneSimulator18.5.sdk -target arm64-apple-ios18.5-simulator -g -module-cache-path /Users/chriszhang/Library/Developer/Xcode/DerivedData/ModuleCache.noindex -Xfrontend -serialize-debugging-options -profile-coverage-mapping -profile-generate -enable-testing -index-store-path /Users/chriszhang/Library/Developer/Xcode/DerivedData/Ambrosia-bxirztkirhvfmygocddpvuevzsop/Index.noindex/DataStore -swift-version 5 -I /Users/chriszhang/Library/Developer/Xcode/DerivedData/Ambrosia-bxirztkirhvfmygocddpvuevzsop/Build/Products/Debug-iphonesimulator -F /Users/chriszhang/Library/Developer/Xcode/DerivedData/Ambrosia-bxirztkirhvfmygocddpvuevzsop/Build/Products/Debug-iphonesimulator -emit-localized-strings -emit-localized-strings-path /Users/chriszhang/Library/Developer/Xcode/DerivedData/Ambrosia-bxirztkirhvfmygocddpvuevzsop/Build/Intermediates.noindex/Ambrosia.build/Debug-iphonesimulator/Ambrosia.build/Objects-normal/arm64 -c -j10 -enable-batch-mode -incremental -Xcc -ivfsstatcache -Xcc /Users/chriszhang/Library/Developer/Xcode/DerivedData/SDKStatCaches.noindex/iphonesimulator18.5-22F76-d5fc8ad4295d2ef488fb7d0f804ce0c4.sdkstatcache -output-file-map /Users/chriszhang/Library/Developer/Xcode/DerivedData/Ambrosia-bxirztkirhvfmygocddpvuevzsop/Build/Intermediates.noindex/Ambrosia.build/Debug-iphonesimulator/Ambrosia.build/Objects-normal/arm64/Ambrosia-OutputFileMap.json -use-frontend-parseable-output -save-temps -no-color-diagnostics -serialize-diagnostics -emit-dependencies -emit-module -emit-module-path /Users/chriszhang/Library/Developer/Xcode/DerivedData/Ambrosia-bxirztkirhvfmygocddpvuevzsop/Build/Intermediates.noindex/Ambrosia.build/Debug-iphonesimulator/Ambrosia.build/Objects-normal/arm64/Ambrosia.swiftmodule -validate-clang-modules-once -clang-build-session-file /Users/chriszhang/Library/Developer/Xcode/DerivedData/ModuleCache.noindex/Session.modulevalidation -Xcc -I/Users/chriszhang/Library/Developer/Xcode/DerivedData/Ambrosia-bxirztkirhvfmygocddpvuevzsop/Build/Intermediates.noindex/Ambrosia.build/Debug-iphonesimulator/Ambrosia.build/swift-overrides.hmap -emit-const-values -Xfrontend -const-gather-protocols-file -Xfrontend /Users/chriszhang/Library/Developer/Xcode/DerivedData/Ambrosia-bxirztkirhvfmygocddpvuevzsop/Build/Intermediates.noindex/Ambrosia.build/Debug-iphonesimulator/Ambrosia.build/Objects-normal/arm64/Ambrosia_const_extract_protocols.json -Xcc -iquote -Xcc /Users/chriszhang/Library/Developer/Xcode/DerivedData/Ambrosia-bxirztkirhvfmygocddpvuevzsop/Build/Intermediates.noindex/Ambrosia.build/Debug-iphonesimulator/Ambrosia.build/Ambrosia-generated-files.hmap -Xcc -I/Users/chriszhang/Library/Developer/Xcode/DerivedData/Ambrosia-bxirztkirhvfmygocddpvuevzsop/Build/Intermediates.noindex/Ambrosia.build/Debug-iphonesimulator/Ambrosia.build/Ambrosia-own-target-headers.hmap -Xcc -I/Users/chriszhang/Library/Developer/Xcode/DerivedData/Ambrosia-bxirztkirhvfmygocddpvuevzsop/Build/Intermediates.noindex/Ambrosia.build/Debug-iphonesimulator/Ambrosia.build/Ambrosia-all-target-headers.hmap -Xcc -iquote -Xcc /Users/chriszhang/Library/Developer/Xcode/DerivedData/Ambrosia-bxirztkirhvfmygocddpvuevzsop/Build/Intermediates.noindex/Ambrosia.build/Debug-iphonesimulator/Ambrosia.build/Ambrosia-project-headers.hmap -Xcc -I/Users/chriszhang/Library/Developer/Xcode/DerivedData/Ambrosia-bxirztkirhvfmygocddpvuevzsop/Build/Products/Debug-iphonesimulator/include -Xcc -I/Users/chriszhang/Library/Developer/Xcode/DerivedData/Ambrosia-bxirztkirhvfmygocddpvuevzsop/Build/Intermediates.noindex/Ambrosia.build/Debug-iphonesimulator/Ambrosia.build/DerivedSources-normal/arm64 -Xcc -I/Users/chriszhang/Library/Developer/Xcode/DerivedData/Ambrosia-bxirztkirhvfmygocddpvuevzsop/Build/Intermediates.noindex/Ambrosia.build/Debug-iphonesimulator/Ambrosia.build/DerivedSources/arm64 -Xcc -I/Users/chriszhang/Library/Developer/Xcode/DerivedData/Ambrosia-bxirztkirhvfmygocddpvuevzsop/Build/Intermediates.noindex/Ambrosia.build/Debug-iphonesimulator/Ambrosia.build/DerivedSources -Xcc -DDEBUG\=1 -emit-objc-header -emit-objc-header-path /Users/chriszhang/Library/Developer/Xcode/DerivedData/Ambrosia-bxirztkirhvfmygocddpvuevzsop/Build/Intermediates.noindex/Ambrosia.build/Debug-iphonesimulator/Ambrosia.build/Objects-normal/arm64/Ambrosia-Swift.h -working-directory /Users/chriszhang/Desktop/Project/Ambrosia -experimental-emit-module-separately -disable-cmo

SwiftCompile normal arm64 Compiling\ ComboResultView.swift,\ Models.swift,\ PerformanceUtils.swift /Users/chriszhang/Desktop/Project/Ambrosia/Ambrosia/Views/Screens/ComboResultView.swift /Users/chriszhang/Desktop/Project/Ambrosia/Ambrosia/Models/Models.swift /Users/chriszhang/Desktop/Project/Ambrosia/Ambrosia/Core/PerformanceUtils.swift (in target 'Ambrosia' from project 'Ambrosia')
SwiftCompile normal arm64 /Users/chriszhang/Desktop/Project/Ambrosia/Ambrosia/Views/Screens/ComboResultView.swift (in target 'Ambrosia' from project 'Ambrosia')
    cd /Users/chriszhang/Desktop/Project/Ambrosia
    

SwiftCompile normal arm64 /Users/chriszhang/Desktop/Project/Ambrosia/Ambrosia/Models/Models.swift (in target 'Ambrosia' from project 'Ambrosia')
    cd /Users/chriszhang/Desktop/Project/Ambrosia
    

SwiftCompile normal arm64 /Users/chriszhang/Desktop/Project/Ambrosia/Ambrosia/Core/PerformanceUtils.swift (in target 'Ambrosia' from project 'Ambrosia')
    cd /Users/chriszhang/Desktop/Project/Ambrosia
    

SwiftCompile normal arm64 Compiling\ GeminiService.swift,\ ProcessingView.swift,\ AmbrosiaTheme.swift /Users/chriszhang/Desktop/Project/Ambrosia/Ambrosia/Services/GeminiService.swift /Users/chriszhang/Desktop/Project/Ambrosia/Ambrosia/Views/Components/ProcessingView.swift /Users/chriszhang/Desktop/Project/Ambrosia/Ambrosia/Views/Components/AmbrosiaTheme.swift (in target 'Ambrosia' from project 'Ambrosia')

SwiftCompile normal arm64 /Users/chriszhang/Desktop/Project/Ambrosia/Ambrosia/Services/GeminiService.swift (in target 'Ambrosia' from project 'Ambrosia')
    cd /Users/chriszhang/Desktop/Project/Ambrosia
    

SwiftCompile normal arm64 /Users/chriszhang/Desktop/Project/Ambrosia/Ambrosia/Views/Components/ProcessingView.swift (in target 'Ambrosia' from project 'Ambrosia')
    cd /Users/chriszhang/Desktop/Project/Ambrosia
    

SwiftCompile normal arm64 /Users/chriszhang/Desktop/Project/Ambrosia/Ambrosia/Views/Components/AmbrosiaTheme.swift (in target 'Ambrosia' from project 'Ambrosia')
    cd /Users/chriszhang/Desktop/Project/Ambrosia
    

SwiftCompile normal arm64 Compiling\ ChefAgent.swift,\ VisualizerAgent.swift,\ GroupSetupView.swift /Users/chriszhang/Desktop/Project/Ambrosia/Ambrosia/Agents/ChefAgent.swift /Users/chriszhang/Desktop/Project/Ambrosia/Ambrosia/Agents/VisualizerAgent.swift /Users/chriszhang/Desktop/Project/Ambrosia/Ambrosia/Views/Screens/GroupSetupView.swift (in target 'Ambrosia' from project 'Ambrosia')

SwiftCompile normal arm64 /Users/chriszhang/Desktop/Project/Ambrosia/Ambrosia/Agents/ChefAgent.swift (in target 'Ambrosia' from project 'Ambrosia')
    cd /Users/chriszhang/Desktop/Project/Ambrosia
    

SwiftCompile normal arm64 /Users/chriszhang/Desktop/Project/Ambrosia/Ambrosia/Agents/VisualizerAgent.swift (in target 'Ambrosia' from project 'Ambrosia')
    cd /Users/chriszhang/Desktop/Project/Ambrosia
    

SwiftCompile normal arm64 /Users/chriszhang/Desktop/Project/Ambrosia/Ambrosia/Views/Screens/GroupSetupView.swift (in target 'Ambrosia' from project 'Ambrosia')
    cd /Users/chriszhang/Desktop/Project/Ambrosia
    

SwiftCompile normal arm64 Compiling\ DependencyClients.swift,\ ContentView.swift,\ GlassButton.swift /Users/chriszhang/Desktop/Project/Ambrosia/Ambrosia/Dependencies/DependencyClients.swift /Users/chriszhang/Desktop/Project/Ambrosia/Ambrosia/Views/Screens/ContentView.swift /Users/chriszhang/Desktop/Project/Ambrosia/Ambrosia/Views/Components/GlassButton.swift (in target 'Ambrosia' from project 'Ambrosia')
SwiftCompile normal arm64 /Users/chriszhang/Desktop/Project/Ambrosia/Ambrosia/Dependencies/DependencyClients.swift (in target 'Ambrosia' from project 'Ambrosia')
    cd /Users/chriszhang/Desktop/Project/Ambrosia
    

SwiftCompile normal arm64 /Users/chriszhang/Desktop/Project/Ambrosia/Ambrosia/Views/Screens/ContentView.swift (in target 'Ambrosia' from project 'Ambrosia')
    cd /Users/chriszhang/Desktop/Project/Ambrosia
    

SwiftCompile normal arm64 /Users/chriszhang/Desktop/Project/Ambrosia/Ambrosia/Views/Components/GlassButton.swift (in target 'Ambrosia' from project 'Ambrosia')
    cd /Users/chriszhang/Desktop/Project/Ambrosia
    

SwiftCompile normal arm64 Compiling\ AppRootView.swift,\ AmbrosiaApp.swift /Users/chriszhang/Desktop/Project/Ambrosia/Ambrosia/Features/App/AppRootView.swift /Users/chriszhang/Desktop/Project/Ambrosia/Ambrosia/AmbrosiaApp.swift (in target 'Ambrosia' from project 'Ambrosia')
Failed frontend command:
/Applications/Xcode.app/Contents/Developer/Toolchains/XcodeDefault.xctoolchain/usr/bin/swift-frontend -frontend -c /Users/chriszhang/Desktop/Project/Ambrosia/Ambrosia/Agents/ChefAgent.swift /Users/chriszhang/Desktop/Project/Ambrosia/Ambrosia/Agents/VisualizerAgent.swift /Users/chriszhang/Desktop/Project/Ambrosia/Ambrosia/Views/Screens/GroupSetupView.swift /Users/chriszhang/Desktop/Project/Ambrosia/Ambrosia/Views/Screens/ComboResultView.swift /Users/chriszhang/Desktop/Project/Ambrosia/Ambrosia/Models/Models.swift /Users/chriszhang/Desktop/Project/Ambrosia/Ambrosia/Core/PerformanceUtils.swift /Users/chriszhang/Desktop/Project/Ambrosia/Ambrosia/Services/GeminiService.swift /Users/chriszhang/Desktop/Project/Ambrosia/Ambrosia/Views/Components/ProcessingView.swift /Users/chriszhang/Desktop/Project/Ambrosia/Ambrosia/Views/Components/AmbrosiaTheme.swift /Users/chriszhang/Desktop/Project/Ambrosia/Ambrosia/Views/Components/LiquidDesign.swift /Users/chriszhang/Desktop/Project/Ambrosia/Ambrosia/Views/Components/CameraScannerView.swift /Users/chriszhang/Desktop/Project/Ambrosia/Ambrosia/Views/Screens/SettingsView.swift /Users/chriszhang/Desktop/Project/Ambrosia/Ambrosia/Features/App/HistoryStore.swift /Users/chriszhang/Desktop/Project/Ambrosia/Ambrosia/Views/Components/FloatingNavBar.swift /Users/chriszhang/Desktop/Project/Ambrosia/Ambrosia/Views/Components/BentoGrid.swift /Users/chriszhang/Desktop/Project/Ambrosia/Ambrosia/Agents/SafetyAgent.swift /Users/chriszhang/Desktop/Project/Ambrosia/Ambrosia/Features/App/AppStore.swift /Users/chriszhang/Desktop/Project/Ambrosia/Ambrosia/Core/AgentProtocols.swift /Users/chriszhang/Desktop/Project/Ambrosia/Ambrosia/Dependencies/DependencyClients.swift /Users/chriszhang/Desktop/Project/Ambrosia/Ambrosia/Views/Screens/ContentView.swift /Users/chriszhang/Desktop/Project/Ambrosia/Ambrosia/Views/Components/GlassButton.swift /Users/chriszhang/Desktop/Project/Ambrosia/Ambrosia/Views/Screens/ModeSelectionView.swift /Users/chriszhang/Desktop/Project/Ambrosia/Ambrosia/Agents/DecoderAgent.swift -primary-file /Users/chriszhang/Desktop/Project/Ambrosia/Ambrosia/Features/App/AppRootView.swift -primary-file /Users/chriszhang/Desktop/Project/Ambrosia/Ambrosia/AmbrosiaApp.swift /Users/chriszhang/Desktop/Project/Ambrosia/Ambrosia/Core/AmbrosiaManager.swift /Users/chriszhang/Library/Developer/Xcode/DerivedData/Ambrosia-bxirztkirhvfmygocddpvuevzsop/Build/Intermediates.noindex/Ambrosia.build/Debug-iphonesimulator/Ambrosia.build/DerivedSources/GeneratedAssetSymbols.swift -emit-dependencies-path /Users/chriszhang/Library/Developer/Xcode/DerivedData/Ambrosia-bxirztkirhvfmygocddpvuevzsop/Build/Intermediates.noindex/Ambrosia.build/Debug-iphonesimulator/Ambrosia.build/Objects-normal/arm64/AppRootView.d -emit-const-values-path /Users/chriszhang/Library/Developer/Xcode/DerivedData/Ambrosia-bxirztkirhvfmygocddpvuevzsop/Build/Intermediates.noindex/Ambrosia.build/Debug-iphonesimulator/Ambrosia.build/Objects-normal/arm64/AppRootView.swiftconstvalues -emit-reference-dependencies-path /Users/chriszhang/Library/Developer/Xcode/DerivedData/Ambrosia-bxirztkirhvfmygocddpvuevzsop/Build/Intermediates.noindex/Ambrosia.build/Debug-iphonesimulator/Ambrosia.build/Objects-normal/arm64/AppRootView.swiftdeps -serialize-diagnostics-path /Users/chriszhang/Library/Developer/Xcode/DerivedData/Ambrosia-bxirztkirhvfmygocddpvuevzsop/Build/Intermediates.noindex/Ambrosia.build/Debug-iphonesimulator/Ambrosia.build/Objects-normal/arm64/AppRootView.dia -emit-dependencies-path /Users/chriszhang/Library/Developer/Xcode/DerivedData/Ambrosia-bxirztkirhvfmygocddpvuevzsop/Build/Intermediates.noindex/Ambrosia.build/Debug-iphonesimulator/Ambrosia.build/Objects-normal/arm64/AmbrosiaApp.d -emit-const-values-path /Users/chriszhang/Library/Developer/Xcode/DerivedData/Ambrosia-bxirztkirhvfmygocddpvuevzsop/Build/Intermediates.noindex/Ambrosia.build/Debug-iphonesimulator/Ambrosia.build/Objects-normal/arm64/AmbrosiaApp.swiftconstvalues -emit-reference-dependencies-path /Users/chriszhang/Library/Developer/Xcode/DerivedData/Ambrosia-bxirztkirhvfmygocddpvuevzsop/Build/Intermediates.noindex/Ambrosia.build/Debug-iphonesimulator/Ambrosia.build/Objects-normal/arm64/AmbrosiaApp.swiftdeps -serialize-diagnostics-path /Users/chriszhang/Library/Developer/Xcode/DerivedData/Ambrosia-bxirztkirhvfmygocddpvuevzsop/Build/Intermediates.noindex/Ambrosia.build/Debug-iphonesimulator/Ambrosia.build/Objects-normal/arm64/AmbrosiaApp.dia -emit-localized-strings -emit-localized-strings-path /Users/chriszhang/Library/Developer/Xcode/DerivedData/Ambrosia-bxirztkirhvfmygocddpvuevzsop/Build/Intermediates.noindex/Ambrosia.build/Debug-iphonesimulator/Ambrosia.build/Objects-normal/arm64 -target arm64-apple-ios18.5-simulator -Xllvm -aarch64-use-tbi -enable-objc-interop -sdk /Applications/Xcode.app/Contents/Developer/Platforms/iPhoneSimulator.platform/Developer/SDKs/iPhoneSimulator18.5.sdk -I /Users/chriszhang/Library/Developer/Xcode/DerivedData/Ambrosia-bxirztkirhvfmygocddpvuevzsop/Build/Products/Debug-iphonesimulator -F /Users/chriszhang/Library/Developer/Xcode/DerivedData/Ambrosia-bxirztkirhvfmygocddpvuevzsop/Build/Products/Debug-iphonesimulator -no-color-diagnostics -enable-testing -g -debug-info-format\=dwarf -dwarf-version\=5 -module-cache-path /Users/chriszhang/Library/Developer/Xcode/DerivedData/ModuleCache.noindex -profile-generate -profile-coverage-mapping -swift-version 5 -enforce-exclusivity\=checked -Onone -D DEBUG -serialize-debugging-options -const-gather-protocols-file /Users/chriszhang/Library/Developer/Xcode/DerivedData/Ambrosia-bxirztkirhvfmygocddpvuevzsop/Build/Intermediates.noindex/Ambrosia.build/Debug-iphonesimulator/Ambrosia.build/Objects-normal/arm64/Ambrosia_const_extract_protocols.json -enable-experimental-feature DebugDescriptionMacro -enable-bare-slash-regex -empty-abi-descriptor -validate-clang-modules-once -clang-build-session-file /Users/chriszhang/Library/Developer/Xcode/DerivedData/ModuleCache.noindex/Session.modulevalidation -Xcc -working-directory -Xcc /Users/chriszhang/Desktop/Project/Ambrosia -resource-dir /Applications/Xcode.app/Contents/Developer/Toolchains/XcodeDefault.xctoolchain/usr/lib/swift -enable-anonymous-context-mangled-names -file-compilation-dir /Users/chriszhang/Desktop/Project/Ambrosia -Xcc -ivfsstatcache -Xcc /Users/chriszhang/Library/Developer/Xcode/DerivedData/SDKStatCaches.noindex/iphonesimulator18.5-22F76-d5fc8ad4295d2ef488fb7d0f804ce0c4.sdkstatcache -Xcc -I/Users/chriszhang/Library/Developer/Xcode/DerivedData/Ambrosia-bxirztkirhvfmygocddpvuevzsop/Build/Intermediates.noindex/Ambrosia.build/Debug-iphonesimulator/Ambrosia.build/swift-overrides.hmap -Xcc -iquote -Xcc /Users/chriszhang/Library/Developer/Xcode/DerivedData/Ambrosia-bxirztkirhvfmygocddpvuevzsop/Build/Intermediates.noindex/Ambrosia.build/Debug-iphonesimulator/Ambrosia.build/Ambrosia-generated-files.hmap -Xcc -I/Users/chriszhang/Library/Developer/Xcode/DerivedData/Ambrosia-bxirztkirhvfmygocddpvuevzsop/Build/Intermediates.noindex/Ambrosia.build/Debug-iphonesimulator/Ambrosia.build/Ambrosia-own-target-headers.hmap -Xcc -I/Users/chriszhang/Library/Developer/Xcode/DerivedData/Ambrosia-bxirztkirhvfmygocddpvuevzsop/Build/Intermediates.noindex/Ambrosia.build/Debug-iphonesimulator/Ambrosia.build/Ambrosia-all-target-headers.hmap -Xcc -iquote -Xcc /Users/chriszhang/Library/Developer/Xcode/DerivedData/Ambrosia-bxirztkirhvfmygocddpvuevzsop/Build/Intermediates.noindex/Ambrosia.build/Debug-iphonesimulator/Ambrosia.build/Ambrosia-project-headers.hmap -Xcc -I/Users/chriszhang/Library/Developer/Xcode/DerivedData/Ambrosia-bxirztkirhvfmygocddpvuevzsop/Build/Products/Debug-iphonesimulator/include -Xcc -I/Users/chriszhang/Library/Developer/Xcode/DerivedData/Ambrosia-bxirztkirhvfmygocddpvuevzsop/Build/Intermediates.noindex/Ambrosia.build/Debug-iphonesimulator/Ambrosia.build/DerivedSources-normal/arm64 -Xcc -I/Users/chriszhang/Library/Developer/Xcode/DerivedData/Ambrosia-bxirztkirhvfmygocddpvuevzsop/Build/Intermediates.noindex/Ambrosia.build/Debug-iphonesimulator/Ambrosia.build/DerivedSources/arm64 -Xcc -I/Users/chriszhang/Library/Developer/Xcode/DerivedData/Ambrosia-bxirztkirhvfmygocddpvuevzsop/Build/Intermediates.noindex/Ambrosia.build/Debug-iphonesimulator/Ambrosia.build/DerivedSources -Xcc -DDEBUG\=1 -module-name Ambrosia -frontend-parseable-output -disable-clang-spi -target-sdk-version 18.5 -target-sdk-name iphonesimulator18.5 -external-plugin-path /Applications/Xcode.app/Contents/Developer/Platforms/iPhoneOS.platform/Developer/usr/lib/swift/host/plugins\#/Applications/Xcode.app/Contents/Developer/Platforms/iPhoneOS.platform/Developer/usr/bin/swift-plugin-server -external-plugin-path /Applications/Xcode.app/Contents/Developer/Platforms/iPhoneOS.platform/Developer/usr/local/lib/swift/host/plugins\#/Applications/Xcode.app/Contents/Developer/Platforms/iPhoneOS.platform/Developer/usr/bin/swift-plugin-server -in-process-plugin-server-path /Applications/Xcode.app/Contents/Developer/Toolchains/XcodeDefault.xctoolchain/usr/lib/swift/host/libSwiftInProcPluginServer.dylib -plugin-path /Applications/Xcode.app/Contents/Developer/Toolchains/XcodeDefault.xctoolchain/usr/lib/swift/host/plugins -plugin-path /Applications/Xcode.app/Contents/Developer/Toolchains/XcodeDefault.xctoolchain/usr/local/lib/swift/host/plugins -o /Users/chriszhang/Library/Developer/Xcode/DerivedData/Ambrosia-bxirztkirhvfmygocddpvuevzsop/Build/Intermediates.noindex/Ambrosia.build/Debug-iphonesimulator/Ambrosia.build/Objects-normal/arm64/AppRootView.o -o /Users/chriszhang/Library/Developer/Xcode/DerivedData/Ambrosia-bxirztkirhvfmygocddpvuevzsop/Build/Intermediates.noindex/Ambrosia.build/Debug-iphonesimulator/Ambrosia.build/Objects-normal/arm64/AmbrosiaApp.o -index-unit-output-path /Ambrosia.build/Debug-iphonesimulator/Ambrosia.build/Objects-normal/arm64/AppRootView.o -index-unit-output-path /Ambrosia.build/Debug-iphonesimulator/Ambrosia.build/Objects-normal/arm64/AmbrosiaApp.o -index-store-path /Users/chriszhang/Library/Developer/Xcode/DerivedData/Ambrosia-bxirztkirhvfmygocddpvuevzsop/Index.noindex/DataStore -index-system-modules

SwiftCompile normal arm64 /Users/chriszhang/Desktop/Project/Ambrosia/Ambrosia/Features/App/AppRootView.swift (in target 'Ambrosia' from project 'Ambrosia')
    cd /Users/chriszhang/Desktop/Project/Ambrosia
    
/Users/chriszhang/Desktop/Project/Ambrosia/Ambrosia/Views/Screens/GroupSetupView.swift:126:1: error: extraneous '}' at top level
}
^

SwiftCompile normal arm64 /Users/chriszhang/Desktop/Project/Ambrosia/Ambrosia/AmbrosiaApp.swift (in target 'Ambrosia' from project 'Ambrosia')
    cd /Users/chriszhang/Desktop/Project/Ambrosia
    
/Users/chriszhang/Desktop/Project/Ambrosia/Ambrosia/Views/Screens/GroupSetupView.swift:126:1: error: extraneous '}' at top level
}
^

SwiftCompile normal arm64 Compiling\ HistoryStore.swift,\ FloatingNavBar.swift,\ BentoGrid.swift /Users/chriszhang/Desktop/Project/Ambrosia/Ambrosia/Features/App/HistoryStore.swift /Users/chriszhang/Desktop/Project/Ambrosia/Ambrosia/Views/Components/FloatingNavBar.swift /Users/chriszhang/Desktop/Project/Ambrosia/Ambrosia/Views/Components/BentoGrid.swift (in target 'Ambrosia' from project 'Ambrosia')

SwiftCompile normal arm64 /Users/chriszhang/Desktop/Project/Ambrosia/Ambrosia/Features/App/HistoryStore.swift (in target 'Ambrosia' from project 'Ambrosia')
    cd /Users/chriszhang/Desktop/Project/Ambrosia
    

SwiftCompile normal arm64 /Users/chriszhang/Desktop/Project/Ambrosia/Ambrosia/Views/Components/FloatingNavBar.swift (in target 'Ambrosia' from project 'Ambrosia')
    cd /Users/chriszhang/Desktop/Project/Ambrosia
    

SwiftCompile normal arm64 /Users/chriszhang/Desktop/Project/Ambrosia/Ambrosia/Views/Components/BentoGrid.swift (in target 'Ambrosia' from project 'Ambrosia')
    cd /Users/chriszhang/Desktop/Project/Ambrosia
    

SwiftEmitModule normal arm64 Emitting\ module\ for\ Ambrosia (in target 'Ambrosia' from project 'Ambrosia')

EmitSwiftModule normal arm64 (in target 'Ambrosia' from project 'Ambrosia')
    cd /Users/chriszhang/Desktop/Project/Ambrosia
    

SwiftCompile normal arm64 Compiling\ ModeSelectionView.swift,\ DecoderAgent.swift /Users/chriszhang/Desktop/Project/Ambrosia/Ambrosia/Views/Screens/ModeSelectionView.swift /Users/chriszhang/Desktop/Project/Ambrosia/Ambrosia/Agents/DecoderAgent.swift (in target 'Ambrosia' from project 'Ambrosia')

SwiftCompile normal arm64 /Users/chriszhang/Desktop/Project/Ambrosia/Ambrosia/Views/Screens/ModeSelectionView.swift (in target 'Ambrosia' from project 'Ambrosia')
    cd /Users/chriszhang/Desktop/Project/Ambrosia
    

SwiftCompile normal arm64 /Users/chriszhang/Desktop/Project/Ambrosia/Ambrosia/Agents/DecoderAgent.swift (in target 'Ambrosia' from project 'Ambrosia')
    cd /Users/chriszhang/Desktop/Project/Ambrosia
    

SwiftCompile normal arm64 Compiling\ SafetyAgent.swift,\ AppStore.swift,\ AgentProtocols.swift /Users/chriszhang/Desktop/Project/Ambrosia/Ambrosia/Agents/SafetyAgent.swift /Users/chriszhang/Desktop/Project/Ambrosia/Ambrosia/Features/App/AppStore.swift /Users/chriszhang/Desktop/Project/Ambrosia/Ambrosia/Core/AgentProtocols.swift (in target 'Ambrosia' from project 'Ambrosia')
Command SwiftCompile failed with a nonzero exit code

** BUILD FAILED **


The following build commands failed:
	SwiftCompile normal arm64 Compiling\ AppRootView.swift,\ AmbrosiaApp.swift /Users/chriszhang/Desktop/Project/Ambrosia/Ambrosia/Features/App/AppRootView.swift /Users/chriszhang/Desktop/Project/Ambrosia/Ambrosia/AmbrosiaApp.swift (in target 'Ambrosia' from project 'Ambrosia')
	SwiftCompile normal arm64 /Users/chriszhang/Desktop/Project/Ambrosia/Ambrosia/Features/App/AppRootView.swift (in target 'Ambrosia' from project 'Ambrosia')
	SwiftCompile normal arm64 /Users/chriszhang/Desktop/Project/Ambrosia/Ambrosia/AmbrosiaApp.swift (in target 'Ambrosia' from project 'Ambrosia')
	SwiftCompile normal arm64 Compiling\ SafetyAgent.swift,\ AppStore.swift,\ AgentProtocols.swift /Users/chriszhang/Desktop/Project/Ambrosia/Ambrosia/Agents/SafetyAgent.swift /Users/chriszhang/Desktop/Project/Ambrosia/Ambrosia/Features/App/AppStore.swift /Users/chriszhang/Desktop/Project/Ambrosia/Ambrosia/Core/AgentProtocols.swift (in target 'Ambrosia' from project 'Ambrosia')
	Building project Ambrosia with scheme Ambrosia
(5 failures)
