Command line invocation:
    /Applications/Xcode.app/Contents/Developer/usr/bin/xcodebuild -project /Users/chriszhang/Desktop/Project/Ambrosia/Ambrosia.xcodeproj -scheme Ambrosia -destination "platform=iOS Simulator,name=iPhone 15 Pro" build

2025-12-24 22:53:43.781 xcodebuild[59674:125624863] Writing error result bundle to /var/folders/kd/wtr5f3vs1h1djhvtkw27g60r0000gn/T/ResultBundle_2025-24-12_22-53-0043.xcresult
xcodebuild: error: Unable to find a device matching the provided destination specifier:
		{ platform:iOS Simulator, OS:latest, name:iPhone 15 Pro }

	The requested device could not be found because no available devices matched the request.

	Available destinations for the "Ambrosia" scheme:
		{ platform:macOS, arch:arm64, variant:Designed for [iPad,iPhone], id:00006020-001C21AA0ED3C01E, name:My Mac }
		{ platform:iOS, arch:arm64, id:00008130-001A754126D2001C, name:iPhone }
		{ platform:iOS, id:dvtdevice-DVTiPhonePlaceholder-iphoneos:placeholder, name:Any iOS Device }
		{ platform:iOS Simulator, id:dvtdevice-DVTiOSDeviceSimulatorPlaceholder-iphonesimulator:placeholder, name:Any iOS Simulator Device }
		{ platform:iOS Simulator, arch:arm64, id:BEB0404B-246A-46D0-85D6-BA3296CD08E1, OS:18.6, name:iPad (A16) }
		{ platform:iOS Simulator, arch:x86_64, id:BEB0404B-246A-46D0-85D6-BA3296CD08E1, OS:18.6, name:iPad (A16) }
		{ platform:iOS Simulator, arch:arm64, id:2F657442-A53B-492D-9533-065BA493B30E, OS:18.6, name:iPad Air 11-inch (M3) }
		{ platform:iOS Simulator, arch:x86_64, id:2F657442-A53B-492D-9533-065BA493B30E, OS:18.6, name:iPad Air 11-inch (M3) }
		{ platform:iOS Simulator, arch:arm64, id:AB00B459-DD91-495E-BCB8-9766BEBEA6FD, OS:18.6, name:iPad Air 13-inch (M3) }
		{ platform:iOS Simulator, arch:x86_64, id:AB00B459-DD91-495E-BCB8-9766BEBEA6FD, OS:18.6, name:iPad Air 13-inch (M3) }
		{ platform:iOS Simulator, arch:arm64, id:6DC91525-5209-4087-9859-33D2355BD86C, OS:18.6, name:iPad Pro 11-inch (M4) }
		{ platform:iOS Simulator, arch:x86_64, id:6DC91525-5209-4087-9859-33D2355BD86C, OS:18.6, name:iPad Pro 11-inch (M4) }
		{ platform:iOS Simulator, arch:arm64, id:9094012A-CB1D-45A6-A548-64B6E4BC0528, OS:18.6, name:iPad Pro 13-inch (M4) }
		{ platform:iOS Simulator, arch:x86_64, id:9094012A-CB1D-45A6-A548-64B6E4BC0528, OS:18.6, name:iPad Pro 13-inch (M4) }
		{ platform:iOS Simulator, arch:arm64, id:E6226B1D-0E4F-48DC-9415-7C2685CD892E, OS:18.6, name:iPad mini (A17 Pro) }
		{ platform:iOS Simulator, arch:x86_64, id:E6226B1D-0E4F-48DC-9415-7C2685CD892E, OS:18.6, name:iPad mini (A17 Pro) }
		{ platform:iOS Simulator, arch:arm64, id:4DB5F7D6-097E-41E2-8ADD-58B2EC236BAB, OS:18.6, name:iPhone 16 }
		{ platform:iOS Simulator, arch:x86_64, id:4DB5F7D6-097E-41E2-8ADD-58B2EC236BAB, OS:18.6, name:iPhone 16 }
		{ platform:iOS Simulator, arch:arm64, id:9D984651-BB41-40BE-94FF-FF294A21FDBB, OS:18.6, name:iPhone 16 Plus }
		{ platform:iOS Simulator, arch:x86_64, id:9D984651-BB41-40BE-94FF-FF294A21FDBB, OS:18.6, name:iPhone 16 Plus }
		{ platform:iOS Simulator, arch:arm64, id:CD5928E3-1F93-4636-AE06-1CFBB09B8073, OS:18.6, name:iPhone 16 Pro }
		{ platform:iOS Simulator, arch:x86_64, id:CD5928E3-1F93-4636-AE06-1CFBB09B8073, OS:18.6, name:iPhone 16 Pro }
		{ platform:iOS Simulator, arch:arm64, id:A4BDA719-7AE7-4821-859A-22B96048C1DD, OS:18.6, name:iPhone 16 Pro Max }
		{ platform:iOS Simulator, arch:x86_64, id:A4BDA719-7AE7-4821-859A-22B96048C1DD, OS:18.6, name:iPhone 16 Pro Max }
		{ platform:iOS Simulator, arch:arm64, id:05170F16-D04E-4F84-884F-51A67B709B7B, OS:18.6, name:iPhone 16e }
		{ platform:iOS Simulator, arch:x86_64, id:05170F16-D04E-4F84-884F-51A67B709B7B, OS:18.6, name:iPhone 16e }
